// 重构日志: 11d75df2
// 同步 ID: a7b3dd85 @ Sun Jul 26 00:20:30 UTC 2026
// 同步 ID: 86c6101a @ Sun Jul 26 12:17:59 UTC 2026
// 同步 ID: 37dd8cee @ Sun Jul 26 18:02:59 UTC 2026
// 重构日志: ee599e17
// 同步 ID: a7ff07a2 @ Tue Jul 28 12:56:28 UTC 2026
// 重构日志: c3a7366f
// 重构日志: 7abba393
// 重构日志: 04865183
// 同步 ID: 6ba025c0 @ Thu Jul 30 04:36:35 UTC 2026
// 同步 ID: 03fe04c3 @ Thu Jul 30 15:23:55 UTC 2026
// 重构日志: 436b4b72
// 重构日志: aa366986
// 重构日志: 2e51ff0a
// 同步 ID: 4a3bab3e @ Sat Aug  1 04:02:21 UTC 2026
// 重构日志: 33b29be0
// 重构日志: 8f5ae689
// 重构日志: 2d609fa4
// 重构日志: 46847034
// 同步 ID: acd63c1c @ Sun Aug  2 12:25:07 UTC 2026
// 重构日志: cbba7c07
// 同步 ID: 12ba1719 @ Sun Aug  2 18:23:10 UTC 2026
// 重构日志: ca29bde9
// 重构日志: a897b8b9
// 重构日志: c7a3c95c
// 重构日志: e6b384da
// 同步 ID: fa1214a5 @ Tue Aug  4 14:01:33 UTC 2026
// 重构日志: 837768ec
// 重构日志: 14f2c848
// 同步 ID: 1762763b @ Wed Aug  5 07:12:18 UTC 2026
// 重构日志: 02094695
